Script started on Thu 11 Apr 2019 10:05:11 AM PDT
vonboea@CF165-20:~$ mkdir csci241
vonboea@CF165-20:~$ cd csci241
vonboea@CF165-20:~/csci241$ ls
vonboea@CF165-20:~/csci241$ git clone^V[K[Ke https://github.com/CSCI241Spring2019/lab-1 -username[K[K[K[K[K[K[K[Kabbyvsmith
Cloning into 'lab-1-abbyvsmith'...
remote: Enumerating objects: 8, done.[K
remote: Counting objects:  12% (1/8)   [Kremote: Counting objects:  25% (2/8)   [Kremote: Counting objects:  37% (3/8)   [Kremote: Counting objects:  50% (4/8)   [Kremote: Counting objects:  62% (5/8)   [Kremote: Counting objects:  75% (6/8)   [Kremote: Counting objects:  87% (7/8)   [Kremote: Counting objects: 100% (8/8)   [Kremote: Counting objects: 100% (8/8), done.[K
remote: Compressing objects:  25% (1/4)   [Kremote: Compressing objects:  50% (2/4)   [Kremote: Compressing objects:  75% (3/4)   [Kremote: Compressing objects: 100% (4/4)   [Kremote: Compressing objects: 100% (4/4), done.[K
remote: Total 8 (delta 0), reused 8 (delta 0), pack-reused 0[K
Unpacking objects:  12% (1/8)   Unpacking objects:  25% (2/8)   Unpacking objects:  37% (3/8)   Unpacking objects:  50% (4/8)   Unpacking objects:  62% (5/8)   Unpacking objects:  75% (6/8)   Unpacking objects:  87% (7/8)   Unpacking objects: 100% (8/8)   Unpacking objects: 100% (8/8), done.
Checking connectivity... done.
vonboea@CF165-20:~/csci241$ ls
lab-1-abbyvsmith
vonboea@CF165-20:~/csci241$ git config --go[Klobal user.name "Abby von Boeselager-s [A[C[C[C[C[C[C[C[C[C[C[C[C[C[C[C[C[C[C[C[C[C[C[C[C[C[C[C[C[C[C[C[C[C[C[C[C[C[C[C[C[C[C[C[C[C[C[C[C[C[C[C[C[C[C[C[C[C[C[C[C[C[C[C[C[C[C[C[C[C[C[C[C[C[C[C[C[C[C[C[K
[K[A[C[C[C[C[C[C[C[C[C[C[C[C[C[C[C[C[C[C[C[C[C[C[C[C[C[C[C[C[C[C[C[C[C[C[C[C[C[C[C[C[C[C[C[C[C[C[C[C[C[C[C[C[C[C[C[C[C[C[C[C[C[C[C[C[C[C[C[C[C[C[C[C[C[C[C[C[C[C[CS mith"
vonboea@CF165-20:~/csci241$ git config --go[Klobal user.email vonboea@wwu.edu
vonboea@CF165-20:~/csci241$ touch writeup.e[Ktxt
vonboea@CF165-20:~/csci241$ git add writep[Kup.txt
fatal: Not a git repository (or any parent up to mount point /home)
Stopping at filesystem boundary (GIT_DISCOVERY_ACROSS_FILESYSTEM not set).
vonboea@CF165-20:~/csci241$ git init
Initialized empty Git repository in /home/vonboea/csci241/.git/
vonboea@CF165-20:~/csci241$ git commit -m "Added the empy writeup"
On branch master

Initial commit

Untracked files:
	[31mlab-1-abbyvsmith/[m
	[31mwriteup.txt[m

nothing added to commit but untracked files present
vonboea@CF165-20:~/csci241$ cd lab-1-abbyvsmith
vonboea@CF165-20:~/csci241/lab-1-abbyvsmith$ git commit -m"Added the empy writeu p"[A[C[C[C[C[C[C[C[C[C[C[C[C[C[C[C[C[C[C[C[C[C[C[C[C[C[C[C[C[C[C[C[C[C[C[C[C[C[C[C[C[C[C[C[C[C[C[C[C[C[C[C[C[C[C[C[C[C[C[C[C[C[C[C[C[C[C[C[C[C[C[C[C[C[C[C[C[C[C[C m"Added the empy writeup"[A[C[C[C[C[C[C[C[C[C[C[C[C[C[C[C[C[C[C[C[C[C[C[C[C[C[C[C[C[C[C[C[C[C[C[C[C[C[C[C[C[C[C[C[C[C[C[C[C[C[C[C[C[C[C[Cm"Added the empy writeup[1P"[A[C[C[C[C[C[C[C[C[C[C[C[C[C[C[C[C[C[C[C[C[C[C[C[C[C[C[C[C[C[C[C[C[C[C[C[C[C[C[C[C[C[C[C[C[C[C[C[C[C[C[C[C[C[C[C[C "Added the empy writeup"[A[C[C[C[C[C[C[C[C[C[C[C[C[C[C[C[C[C[C[C[C[C[C[C[C[C[C[C[C[C[C[C[C[C[C[C[C[C[C[C[C[C[C[C[C[C[C[C[C[C[C[C[C[C[C[C[C[C[C[C[C[C[C[C[C[C[C[C[C[C[C[C[C[C[C[C[C
[C[C[C
On branch master
Your branch is up-to-date with 'origin/master'.
Untracked files:
	[31mwriteup.txt[m

nothing added to commit but untracked files present
vonboea@CF165-20:~/csci241/lab-1-abbyvsmith$ git push
warning: push.default is unset; its implicit value has changed in
Git 2.0 from 'matching' to 'simple'. To squelch this message
and maintain the traditional behavior, use:

  git config --global push.default matching

To squelch this message and adopt the new behavior now, use:

  git config --global push.default simple

When push.default is set to 'matching', git will push local branches
to the remote branches that already exist with the same name.

Since Git 2.0, Git defaults to the more conservative 'simple'
behavior, which only pushes the current branch to the corresponding
remote branch that 'git pull' uses to update the current branch.

See 'git help config' and search for 'push.default' for further information.
(the 'simple' mode was introduced in Git 1.7.11. Use the similar mode
'current' instead of 'simple' if you sometimes use older versions of Git)

Username for 'https://github.com': abbyvm smith
Password for 'https://abbyvsmith@github.com': 
Everything up-to-date
vonboea@CF165-20:~/csci241/lab-1-abbyvsmith$ git push origni[K[Kin master
Username for 'https://github.com': abbyvsmith
Password for 'https://abbyvsmith@github.com': 

Everything up-to-date
vonboea@CF165-20:~/csci241/lab-1-abbyvsmith$ 
vonboea@CF165-20:~/csci241/lab-1-abbyvsmith$ git init
Reinitialized existing Git repository in /home/vonboea/csci241/lab-1-abbyvsmith/.git/
vonboea@CF165-20:~/csci241/lab-1-abbyvsmith$ git add writeup.txt
vonboea@CF165-20:~/csci241/lab-1-abbyvsmith$ git commit -m "a[KAdded empty te[K[Kwrut[K[Kiteup" [A[C[C[C[C[C[C[C[C[C[C[C[C[C[C[C[C[C[C[C[C[C[C[C[C[C[C[C[C[C[C[C[C[C[C[C[C[C[C[C[C[C[C[C[C[C[C[C[C[C[C[C[C[C[C[C[C[C[C[C[C[C[C[C[C[C[C[C[C[C[C[C[C[C[C[C[C[C[C[C[K"
[master 9fdb532] Added empty writeup
 1 file changed, 0 insertions(+), 0 deletions(-)
 create mode 100644 writeup.txt
vonboea@CF165-20:~/csci241/lab-1-abbyvsmith$ git ad[K[Kpyu[K[Kush origin master
Username for 'https://github.com': abbyvmsith     smith
Password for 'https://abbyvsmith@github.com': 
Counting objects: 3, done.
Delta compression using up to 8 threads.
Compressing objects:  50% (1/2)   Compressing objects: 100% (2/2)   Compressing objects: 100% (2/2), done.
Writing objects:  33% (1/3)   Writing objects:  66% (2/3)   Writing objects: 100% (3/3)   Writing objects: 100% (3/3), 329 bytes | 0 bytes/s, done.
Total 3 (delta 0), reused 0 (delta 0)
To https://github.com/CSCI241Spring2019/lab-1-abbyvsmith
   1523c09..9fdb532  master -> master
vonboea@CF165-20:~/csci241/lab-1-abbyvsmith$ vi writeup.txt
[?1049h[?1h=[2;1H▽[6n[2;1H  [1;1H]11;?[1;24r[?12;25h[?12l[?25h[27m[23m[m[H[2J[?25l[24;1H"writeup.txt" 0L, 0C[>c[2;1H[94m~                                                                               [3;1H~                                                                               [4;1H~                                                                               [5;1H~                                                                               [6;1H~                                                                               [7;1H~                                                                               [8;1H~                                                                               [9;1H~                                                                               [10;1H~                                                                               [11;1H~                                                                               [12;1H~                                                                               [13;1H~                                                                               [14;1H~                                                                               [15;1H~                                                                               [16;1H~                                                                               [17;1H~                                                                               [18;1H~                                                                               [19;1H~                                                                               [20;1H~                                                                               [21;1H~                                                                               [22;1H~                                                                               [23;1H~                                                                               [m[24;63H0,0-1[9CAll]2;writeup.txt (~/csci241/lab-1-abbyvsmith) - VIM]1;writeup.txt[1;1H[?12l[?25h[27m[23m[m[H[2J[?25l[2;1H[94m~                                                                               [3;1H~                                                                               [4;1H~                                                                               [5;1H~                                                                               [6;1H~                                                                               [7;1H~                                                                               [8;1H~                                                                               [9;1H~                                                                               [10;1H~                                                                               [11;1H~                                                                               [12;1H~                                                                               [13;1H~                                                                               [14;1H~                                                                               [15;1H~                                                                               [16;1H~                                                                               [17;1H~                                                                               [18;1H~                                                                               [19;1H~                                                                               [20;1H~                                                                               [21;1H~                                                                               [22;1H~                                                                               [23;1H~                                                                               [m[24;63H0,0-1[9CAll"writeup.txt" 0L, 0C[1;1HP+q436f\P+q6b75\P+q6b64\P+q6b72\P+q6b6c\P+q2332\P+q2334\P+q2569\P+q2a37\P+q6b31\[?12l[?25h[?25l[24;1H[1m-- INSERT --[m[24;13H[K[24;63H0,1[11CAll[1;1H[?12l[?25h[?25lb[24;63H1,2]2;writeup.txt + (~/csci241/lab-1-abbyvsmith) - VIM]1;writeup.txt[1;2H[?12l[?25h[?25lb[24;65H3[1;3H[?12l[?25h[?25ly[24;65H4[1;4H[?12l[?25h[?25l[24;65H5[1;5H[?12l[?25h[?25lv[24;65H6[1;6H[?12l[?25h[?25lo[24;65H7[1;7H[?12l[?25h[?25ln[24;65H8[1;8H[?12l[?25h[?25l[24;65H9[1;9H[?12l[?25h[?25l[24;65H8[1;8H[?12l[?25h[?25l[1;7H[K[24;65H7[1;7H[?12l[?25h[?25l[1;6H[K[24;65H6[1;6H[?12l[?25h[?25l[1;5H[K[24;65H5[1;5H[?12l[?25h[?25l[24;65H4[1;4H[?12l[?25h[?25l[1;3H[K[24;65H3[1;3H[?12l[?25h[?25l[1;2H[K[24;65H2[1;2H[?12l[?25h[?25l[1;1H[K[24;65H1[1;1H[?12l[?25h[?25lA[24;65H2[1;2H[?12l[?25h[?25lb[24;65H3[1;3H[?12l[?25h[?25lb[24;65H4[1;4H[?12l[?25h[?25ly[24;65H5[1;5H[?12l[?25h[?25l[24;65H6[1;6H[?12l[?25h[?25lv[24;65H7[1;7H[?12l[?25h[?25lo[24;65H8[1;8H[?12l[?25h[?25ln[24;65H9[1;9H[?12l[?25h[?25l[24;65H10[1;10H[?12l[?25h[?25lB[24;66H1[1;11H[?12l[?25h[?25lo[24;66H2[1;12H[?12l[?25h[?25le[24;66H3[1;13H[?12l[?25h[?25ls[24;66H4[1;14H[?12l[?25h[?25le[24;66H5[1;15H[?12l[?25h[?25ll[24;66H6[1;16H[?12l[?25h[?25la[24;66H7[1;17H[?12l[?25h[?25lg[24;66H8[1;18H[?12l[?25h[?25le[24;66H9[1;19H[?12l[?25h[?25lr[24;65H20[1;20H[?12l[?25h[?25l-[24;66H1[1;21H[?12l[?25h[?25lS[24;66H2[1;22H[?12l[?25h[?25lm[24;66H3[1;23H[?12l[?25h[?25li[24;66H4[1;24H[?12l[?25h[?25lt[24;66H5[1;25H[?12l[?25h[?25lh[24;66H6[1;26H[?12l[?25h[24;1H[K[1;25H[?25l[24;63H1,25[10CAll[1;25H[?12l[?25h[?25l[24;63H[K[24;1H:[?12l[?25h:[?25l[?12l[?25h:[?25l[?12l[?25h:[?25l[?12l[?25h:[?25l[?12l[?25h:[?25l[?12l[?25h:[?25l[?12l[?25h:[?25l[?12l[?25h:[?25l[?12l[?25h:[?25l[?12l[?25h:[?25l[?12l[?25h:[?25l[?12l[?25h:[?25l[?12l[?25h:[?25l[?12l[?25h:[?25l[?12l[?25h:[?25l[?12l[?25h:[?25l[?12l[?25h:[?25l[?12l[?25h:[?25l[?12l[?25h:[?25l[?12l[?25h:[?25l[?12l[?25h:[?25l[?12l[?25h:[?25l[?12l[?25h:[?25l[?12l[?25h:[?25l[?12l[?25h:[?25l[?12l[?25h:[?25l[?12l[?25h:[?25l[?12l[?25hW[?25l[?12l[?25hw[?25l[?12l[?25hq[?25l[?12l[?25h[?25l[24;31H[K[24;31H[?12l[?25h[?25l[24;30H[K[24;30H[?12l[?25h[?25l[24;29H[K[24;29H[?12l[?25h[?25l[24;28H[K[24;28H[?12l[?25h[?25l[24;27H[K[24;27H[?12l[?25h[?25l[24;26H[K[24;26H[?12l[?25h[?25l[24;25H[K[24;25H[?12l[?25h[?25l[24;24H[K[24;24H[?12l[?25h[?25l[24;23H[K[24;23H[?12l[?25h[?25l[24;22H[K[24;22H[?12l[?25h[?25l[24;21H[K[24;21H[?12l[?25h[?25l[24;20H[K[24;20H[?12l[?25h[?25l[24;19H[K[24;19H[?12l[?25h[?25l[24;18H[K[24;18H[?12l[?25h[?25l[24;17H[K[24;17H[?12l[?25h[?25l[24;16H[K[24;16H[?12l[?25h[?25l[24;15H[K[24;15H[?12l[?25h[?25l[24;14H[K[24;14H[?12l[?25h[?25l[24;13H[K[24;13H[?12l[?25h[?25l[24;12H[K[24;12H[?12l[?25h[?25l[24;11H[K[24;11H[?12l[?25h[?25l[24;10H[K[24;10H[?12l[?25h[?25l[24;9H[K[24;9H[?12l[?25h[?25l[24;8H[K[24;8H[?12l[?25h[?25l[24;7H[K[24;7H[?12l[?25h[?25l[24;6H[K[24;6H[?12l[?25h[?25l[24;5H[K[24;5H[?12l[?25h[?25l[24;4H[K[24;4H[?12l[?25h[?25l[24;3H[K[24;3H[?12l[?25h[?25l[24;2H[K[24;2H[?12l[?25h [?25l[61C1,25[10CAll[1;25H[?12l[?25h[?25l[24;63H[K[24;1H:[?12l[?25hw[?25l[?12l[?25hq[?25l[?12l[?25h[?25l"writeup.txt" 1L, 26C written]2;Terminal]1;Terminal
[?1l>[?12l[?25h[?1049lvonboea@CF165-20:~/csci241/lab-1-abbyvsmith$ git add writeup.tct[K[Kxt
vonboea@CF165-20:~/csci241/lab-1-abbyvsmith$ git commit -m"Added part 1 (names)  to writeup"[A[C[C[C[C[C[C[C[C[C[C[C[C[C[C[C[C[C[C[C[C[C[C[C[C[C[C[C[C[C[C[C[C[C[C[C[C[C[C[C[C[C[C[C[C[C[C[C[C[C[C[C[C[C[C[C[C[C[C[C[C[C[C[C[C[C[C[C[C[C[C[C[C[C[C[C[C[C[C[C "Added part 1 (names) [1@t[A[C[C[C[C[C[C[C[C[C[C[C[C[C[C[C[C[C[C[C[C[C[C[C[C[C[C[C[C[C[C[C[C[C[C[C[C[C[C[C[C[C[C[C[C[C[C[C[C[C[C[C[C[C[C[C[C[C[C[C[C[C[C[C[C[C[C[C[C[C[C[C[C[C[C[C[C[C
[C[C[C[C[C[C[C[C[C[C[C[C
[master 5c2904c] Added part 1 (names) to writeup
 1 file changed, 1 insertion(+)
vonboea@CF165-20:~/csci241/lab-1-abbyvsmith$ vi writeup.txt
[?1049h[?1h=[2;1H▽[6n[2;1H  [1;1H]11;?[1;24r[?12;25h[?12l[?25h[27m[23m[m[H[2J[?25l[24;1H"writeup.txt" 1L, 26C[>c[1;1HAbby von Boeselager-Smith
[94m~                                                                               [3;1H~                                                                               [4;1H~                                                                               [5;1H~                                                                               [6;1H~                                                                               [7;1H~                                                                               [8;1H~                                                                               [9;1H~                                                                               [10;1H~                                                                               [11;1H~                                                                               [12;1H~                                                                               [13;1H~                                                                               [14;1H~                                                                               [15;1H~                                                                               [16;1H~                                                                               [17;1H~                                                                               [18;1H~                                                                               [19;1H~                                                                               [20;1H~                                                                               [21;1H~                                                                               [22;1H~                                                                               [23;1H~                                                                               [m[24;63H1,1[11CAll]2;writeup.txt (~/csci241/lab-1-abbyvsmith) - VIM]1;writeup.txt[1;1H[?12l[?25h[27m[23m[m[H[2J[?25l[1;1HAbby von Boeselager-Smith
[94m~                                                                               [3;1H~                                                                               [4;1H~                                                                               [5;1H~                                                                               [6;1H~                                                                               [7;1H~                                                                               [8;1H~                                                                               [9;1H~                                                                               [10;1H~                                                                               [11;1H~                                                                               [12;1H~                                                                               [13;1H~                                                                               [14;1H~                                                                               [15;1H~                                                                               [16;1H~                                                                               [17;1H~                                                                               [18;1H~                                                                               [19;1H~                                                                               [20;1H~                                                                               [21;1H~                                                                               [22;1H~                                                                               [23;1H~                                                                               [m[24;63H1,1[11CAll"writeup.txt" 1L, 26C[1;1HP+q436f\P+q6b75\P+q6b64\P+q6b72\P+q6b6c\P+q2332\P+q2334\P+q2569\P+q2a37\P+q6b31\[?12l[?25h[?25l[24;65H2[1;2H[?12l[?25h[?25l[24;65H3[1;3H[?12l[?25h[?25l[24;65H4[1;4H[?12l[?25h[?25l[24;65H5[1;5H[?12l[?25h[?25l[24;65H6[1;6H[?12l[?25h[?25l[24;65H7[1;7H[?12l[?25h[?25l[24;65H8[1;8H[?12l[?25h[?25l[24;65H9[1;9H[?12l[?25h[?25l[24;65H10[1;10H[?12l[?25h[?25l[24;66H1[1;11H[?12l[?25h[?25l[24;66H2[1;12H[?12l[?25h[?25l[24;66H3[1;13H[?12l[?25h[?25l[24;66H4[1;14H[?12l[?25h[?25l[24;66H5[1;15H[?12l[?25h[?25l[24;66H6[1;16H[?12l[?25h[?25l[24;66H7[1;17H[?12l[?25h[?25l[24;66H8[1;18H[?12l[?25h[?25l[24;66H9[1;19H[?12l[?25h[?25l[24;65H20[1;20H[?12l[?25h[?25l[24;66H1[1;21H[?12l[?25h[?25l[24;66H2[1;22H[?12l[?25h[?25l[24;66H3[1;23H[?12l[?25h[?25l[24;66H4[1;24H[?12l[?25h[?25l[24;66H5[1;25H[?12l[?25h[?25l[24;66H4[1;24H[?12l[?25h[?25l[24;66H5[1;25H[?12l[?25h[?25l[24;66H4[1;24H[?12l[?25h[?25l[24;66H3[1;23H[?12l[?25h[?25l[24;66H4[1;24H[?12l[?25h[?25l[24;66H5[1;25H[?12l[?25h[?25l[24;66H4[1;24H[?12l[?25h[?25l[24;66H5[1;25H[?12l[?25h[?25l[24;66H4[1;24H[?12l[?25h[?25l[24;66H5[1;25H[?12l[?25h[?25l[24;66H4[1;24H[?12l[?25h[?25l[24;66H5[1;25H[?12l[?25h[?25l[24;66H4[1;24H[?12l[?25h[?25l[24;66H5[1;25H[?12l[?25h[?25l[24;66H4[1;24H[?12l[?25h[?25l[24;66H5[1;25H[?12l[?25h[?25l[24;66H4[1;24H[?12l[?25h[?25l[24;66H5[1;25H[?12l[?25h[?25l[24;66H4[1;24H[?12l[?25h[?25l[24;66H5[1;25H[?12l[?25h[?25l[24;66H4[1;24H[?12l[?25h[?25l[24;66H5[1;25H[?12l[?25h[?25l[24;66H4[1;24H[?12l[?25h[?25l[24;66H3[1;23H[?12l[?25h[?25l[24;66H4[1;24H[?12l[?25h[?25l[24;66H3[1;23H[?12l[?25h[?25l[24;66H4[1;24H[?12l[?25h[?25l[24;66H5[1;25H[?12l[?25h[?25l[24;66H4[1;24H[?12l[?25h[?25l[24;66H5[1;25H[?12l[?25h[?25l[24;66H4[1;24H[?12l[?25h[?25l[24;66H5[1;25H[?12l[?25h[?25l[24;66H4[1;24H[?12l[?25h[?25l[24;66H5[1;25H[?12l[?25h[?25l[24;66H4[1;24H[?12l[?25h[?25l[24;66H5[1;25H[?12l[?25h[?25l[24;66H4[1;24H[?12l[?25h[?25l[24;66H5[1;25H[?12l[?25h[?25l[24;66H4[1;24H[?12l[?25h[?25l[24;66H5[1;25H[?12l[?25h[?25l[24;66H4[1;24H[?12l[?25h[?25l[24;66H5[1;25H[?12l[?25h[?25l[24;66H4[1;24H[?12l[?25h[?25l[24;66H5[1;25H[?12l[?25h[?25l[24;66H4[1;24H[?12l[?25h[?25l[24;66H5[1;25H[?12l[?25h[?25l[24;66H4[1;24H[?12l[?25h[?25l[24;66H5[1;25H[?12l[?25h[?25l[24;66H4[1;24H[?12l[?25h[?25l[24;66H5[1;25H[?12l[?25h[?25l[24;66H4[1;24H[?12l[?25h[?25l[24;66H5[1;25H[?12l[?25h[?25l[24;66H4[1;24H[?12l[?25h[?25l[24;66H5[1;25H[?12l[?25h[?25l[24;66H4[1;24H[?12l[?25h[?25l[24;66H5[1;25H[?12l[?25h[?25l[24;66H4[1;24H[?12l[?25h[?25l[24;66H5[1;25H[?12l[?25h[?25l[24;66H4[1;24H[?12l[?25h[?25l[24;66H5[1;25H[?12l[?25h[?25l[24;66H4[1;24H[?12l[?25h[?25l[24;66H5[1;25H[?12l[?25h[?25l[24;66H4[1;24H[?12l[?25h[?25l[24;66H5[1;25H[?12l[?25h[?25l[24;66H4[1;24H[?12l[?25h[?25l[24;66H5[1;25H[?12l[?25h[?25l[24;1H[1m-- INSERT --[m[24;13H[K[24;63H1,25[10CAll[1;25H[?12l[?25h[24;1H[K[1;24H[?25l[24;63H1,24[10CAll[1;24H[?12l[?25h[?25l[24;66H5[1;25H[?12l[?25h[?25l[24;66H4[1;24H[?12l[?25h[?25l[24;66H5[1;25H[?12l[?25h[?25l[24;1H[1m-- INSERT --[m[24;63H[K[24;63H1,25[10CAll[1;25H[?12l[?25h[?25l[1;25H[K[2;1Hh[2;2H[K[24;63H2,1 ]2;writeup.txt + (~/csci241/lab-1-abbyvsmith) - VIM]1;writeup.txt[2;1H[?12l[?25h[?25l[1;25Hh
[94m~                                                                               [m[24;63H1,25[1;25H[?12l[?25h[?25l[24;66H6[1;26H[?12l[?25h[?25l[2;1H[K[24;63H2,1 [2;1H[?12l[?25h[?25lH[24;65H2[2;2H[?12l[?25h[?25lo[24;65H3[2;3H[?12l[?25h[?25lb[24;65H4[2;4H[?12l[?25h[?25lb[24;65H5[2;5H[?12l[?25h[?25ly[24;65H6[2;6H[?12l[?25h[?25l:[24;65H7[2;7H[?12l[?25h[?25l[24;65H8[2;8H[?12l[?25h[?25ld[24;65H9[2;9H[?12l[?25h[?25lr[24;65H10[2;10H[?12l[?25h[?25li[24;66H1[2;11H[?12l[?25h[?25ln[24;66H2[2;12H[?12l[?25h[?25lk[24;66H3[2;13H[?12l[?25h[?25li[24;66H4[2;14H[?12l[?25h[?25ln[24;66H5[2;15H[?12l[?25h[?25lg[24;66H6[2;16H[?12l[?25h[?25l[24;66H7[2;17H[?12l[?25h[?25lc[24;66H8[2;18H[?12l[?25h[?25lo[24;66H9[2;19H[?12l[?25h[?25lf[24;65H20[2;20H[?12l[?25h[?25lf[24;66H1[2;21H[?12l[?25h[?25le[24;66H2[2;22H[?12l[?25h[?25le[24;66H3[2;23H[?12l[?25h[?25l[3;1H[K[24;63H3,1 [3;1H[?12l[?25h[24;1H[K[3;1H[?25l[24;63H3,0-1[9CAll[3;1H[?12l[?25h[?25l[24;63H[K[24;1H:[?12l[?25hw[?25l[?12l[?25hq[?25l[?12l[?25h[?25l"writeup.txt" 3L, 50C written]2;Terminal]1;Terminal
[?1l>[?12l[?25h[?1049lvonboea@CF165-20:~/csci241/lab-1-abbyvsmith$ git add writeup.txt
vonboea@CF165-20:~/csci241/lab-1-abbyvsmith$ git commit -m "Added part[K[K[K[K[K[K[K[K[K[K[K[K[K[K-m"added part[K[K[K[K[K[K[K[K[K[K[K "Added part 2([K (hobby)  to writeup"
[master d0253a2] Added part 2 (hobby) to writeup
 1 file changed, 2 insertions(+)
vonboea@CF165-20:~/csci241/lab-1-abbyvsmith$ git push origin master
Username for 'https://github.com': abbby  yvsmith
Password for 'https://abbyvsmith@github.com': 
Counting objects: 6, done.
Delta compression using up to 8 threads.
Compressing objects:  20% (1/5)   Compressing objects:  40% (2/5)   Compressing objects:  60% (3/5)   Compressing objects:  80% (4/5)   Compressing objects: 100% (5/5)   Compressing objects: 100% (5/5), done.
Writing objects:  16% (1/6)   Writing objects:  33% (2/6)   Writing objects:  50% (3/6)   Writing objects:  66% (4/6)   Writing objects:  83% (5/6)   Writing objects: 100% (6/6)   Writing objects: 100% (6/6), 596 bytes | 0 bytes/s, done.
Total 6 (delta 2), reused 0 (delta 0)
remote: Resolving deltas:   0% (0/2)   [Kremote: Resolving deltas: 100% (2/2)   [Kremote: Resolving deltas: 100% (2/2), completed with 1 local object.[K
To https://github.com/CSCI241Spring2019/lab-1-abbyvsmith
   9fdb532..d0253a2  master -> master
vonboea@CF165-20:~/csci241/lab-1-abbyvsmith$ touch username.txt
vonboea@CF165-20:~/csci241/lab-1-abbyvsmith$ got[K[Kit as[Kdd userm[Kname/[K.txt
vonboea@CF165-20:~/csci241/lab-1-abbyvsmith$ vi username.txt
[?1049h[?1h=[2;1H▽[6n[2;1H  [1;1H]11;?[1;24r[?12;25h[?12l[?25h[27m[23m[m[H[2J[?25l[24;1H"username.txt" 0L, 0C[>c[2;1H[94m~                                                                               [3;1H~                                                                               [4;1H~                                                                               [5;1H~                                                                               [6;1H~                                                                               [7;1H~                                                                               [8;1H~                                                                               [9;1H~                                                                               [10;1H~                                                                               [11;1H~                                                                               [12;1H~                                                                               [13;1H~                                                                               [14;1H~                                                                               [15;1H~                                                                               [16;1H~                                                                               [17;1H~                                                                               [18;1H~                                                                               [19;1H~                                                                               [20;1H~                                                                               [21;1H~                                                                               [22;1H~                                                                               [23;1H~                                                                               [m[24;63H0,0-1[9CAll]2;username.txt (~/csci241/lab-1-abbyvsmith) - VIM]1;username.txt[1;1H[?12l[?25h[27m[23m[m[H[2J[?25l[2;1H[94m~                                                                               [3;1H~                                                                               [4;1H~                                                                               [5;1H~                                                                               [6;1H~                                                                               [7;1H~                                                                               [8;1H~                                                                               [9;1H~                                                                               [10;1H~                                                                               [11;1H~                                                                               [12;1H~                                                                               [13;1H~                                                                               [14;1H~                                                                               [15;1H~                                                                               [16;1H~                                                                               [17;1H~                                                                               [18;1H~                                                                               [19;1H~                                                                               [20;1H~                                                                               [21;1H~                                                                               [22;1H~                                                                               [23;1H~                                                                               [m[24;63H0,0-1[9CAll"username.txt" 0L, 0C[1;1HP+q436f\P+q6b75\P+q6b64\P+q6b72\P+q6b6c\P+q2332\P+q2334\P+q2569\P+q2a37\P+q6b31\[?12l[?25h[?25l[24;1H[1m-- INSERT --[m[24;13H[K[24;63H0,1[11CAll[1;1H[?12l[?25h[?25lA[24;63H1,2]2;username.txt + (~/csci241/lab-1-abbyvsmith) - VIM]1;username.txt[1;2H[?12l[?25h[?25lb[24;65H3[1;3H[?12l[?25h[?25lb[24;65H4[1;4H[?12l[?25h[?25ly[24;65H5[1;5H[?12l[?25h[?25l[24;65H6[1;6H[?12l[?25h[?25lv[24;65H7[1;7H[?12l[?25h[?25lo[24;65H8[1;8H[?12l[?25h[?25ln[24;65H9[1;9H[?12l[?25h[?25l[24;65H10[1;10H[?12l[?25h[?25lB[24;66H1[1;11H[?12l[?25h[?25lo[24;66H2[1;12H[?12l[?25h[?25le[24;66H3[1;13H[?12l[?25h[?25ls[24;66H4[1;14H[?12l[?25h[?25le[24;66H5[1;15H[?12l[?25h[?25ll[24;66H6[1;16H[?12l[?25h[?25lg[24;66H7[1;17H[?12l[?25h[?25la[24;66H8[1;18H[?12l[?25h[?25le[24;66H9[1;19H[?12l[?25h[?25lr[24;65H20[1;20H[?12l[?25h[?25l[1;19H[K[24;65H19[1;19H[?12l[?25h[?25l[1;18H[K[24;66H8[1;18H[?12l[?25h[?25l[1;17H[K[24;66H7[1;17H[?12l[?25h[?25l[1;16H[K[24;66H6[1;16H[?12l[?25h[?25la[24;66H7[1;17H[?12l[?25h[?25lg[24;66H8[1;18H[?12l[?25h[?25le[24;66H9[1;19H[?12l[?25h[?25lr[24;65H20[1;20H[?12l[?25h[?25l[24;66H1[1;21H[?12l[?25h[?25lS[24;66H2[1;22H[?12l[?25h[?25lM[24;66H3[1;23H[?12l[?25h[?25l[1;22H[K[24;66H2[1;22H[?12l[?25h[?25l[1;21H[K[24;66H1[1;21H[?12l[?25h[?25l[24;66H0[1;20H[?12l[?25h[?25l[24;66H1[1;21H[?12l[?25h[?25lS[24;66H2[1;22H[?12l[?25h[?25lm[24;66H3[1;23H[?12l[?25h[?25lt[24;66H4[1;24H[?12l[?25h[?25l[1;23H[K[24;66H3[1;23H[?12l[?25h[?25li[24;66H4[1;24H[?12l[?25h[?25lt[24;66H5[1;25H[?12l[?25h[?25lh[24;66H6[1;26H[?12l[?25h[?25l,[24;66H7[1;27H[?12l[?25h[?25l[24;66H8[1;28H[?12l[?25h[?25lv[24;66H9[1;29H[?12l[?25h[?25lo[24;65H30[1;30H[?12l[?25h[?25ln[24;66H1[1;31H[?12l[?25h[?25lb[24;66H2[1;32H[?12l[?25h[?25lo[24;66H3[1;33H[?12l[?25h[?25le[24;66H4[1;34H[?12l[?25h[?25la[24;66H5[1;35H[?12l[?25h[?25l,[24;66H6[1;36H[?12l[?25h[?25l[24;66H7[1;37H[?12l[?25h[?25la[24;66H8[1;38H[?12l[?25h[?25lb[24;66H9[1;39H[?12l[?25h[?25lb[24;65H40[1;40H[?12l[?25h[?25ly[24;66H1[1;41H[?12l[?25h[?25lv[24;66H2[1;42H[?12l[?25h[?25ls[24;66H3[1;43H[?12l[?25h[?25lm[24;66H4[1;44H[?12l[?25h[?25li[24;66H5[1;45H[?12l[?25h[?25lt[24;66H6[1;46H[?12l[?25h[?25lh[24;66H7[1;47H[?12l[?25h[?25l[24;66H6[1;46H[?12l[?25h[?25l[24;66H5[1;45H[?12l[?25h[?25l[24;66H4[1;44H[?12l[?25h[?25l[24;66H3[1;43H[?12l[?25h[?25l[24;66H2[1;42H[?12l[?25h[?25l[24;66H1[1;41H[?12l[?25h[?25l[24;66H0[1;40H[?12l[?25h[?25l[24;65H39[1;39H[?12l[?25h[?25l[24;66H8[1;38H[?12l[?25h[?25l[24;66H7[1;37H[?12l[?25h[?25l[24;66H6[1;36H[?12l[?25h[?25l abbyvsmith[1;46H[K[24;66H5[1;35H[?12l[?25h[?25l[24;66H4[1;34H[?12l[?25h[?25l[24;66H3[1;33H[?12l[?25h[?25l[24;66H2[1;32H[?12l[?25h[?25l[24;66H1[1;31H[?12l[?25h[?25l[24;66H2[1;32H[?12l[?25h[?25l[24;66H3[1;33H[?12l[?25h[?25l[24;66H4[1;34H[?12l[?25h[?25l[24;66H5[1;35H[?12l[?25h[?25l abbyvsmith[1;45H[K[24;66H4[1;34H[?12l[?25h[?25la abbyvsmith[24;66H5[1;35H[?12l[?25h[?25l, abbyvsmith[24;66H6[1;36H[?12l[?25h[?25l[24;66H7[1;37H[?12l[?25h[?25labbyvsmith[1;46H[K[24;66H6[1;36H[?12l[?25h[?25l[24;66H5[1;35H[?12l[?25h[?25l[24;66H4[1;34H[?12l[?25h[?25l[24;66H3[1;33H[?12l[?25h[?25l[24;66H2[1;32H[?12l[?25h[?25l[24;66H1[1;31H[?12l[?25h[?25l[24;66H0[1;30H[?12l[?25h[?25l[24;65H29[1;29H[?12l[?25h[?25l[24;66H8[1;28H[?12l[?25h[?25lvonboea,abbyvsmith[1;45H[K[24;66H7[1;27H[?12l[?25h[?25l[24;66H8[1;28H[?12l[?25h[?25l[24;66H9[1;29H[?12l[?25h[?25l[24;65H30[1;30H[?12l[?25h[?25l[24;66H1[1;31H[?12l[?25h[?25l[24;66H2[1;32H[?12l[?25h[?25l[24;66H3[1;33H[?12l[?25h[?25l[24;66H4[1;34H[?12l[?25h[?25l[24;66H5[1;35H[?12l[?25h[?25l[24;66H6[1;36H[?12l[?25h[?25l[24;66H7[1;37H[?12l[?25h[?25l[24;66H8[1;38H[?12l[?25h[?25l[24;66H9[1;39H[?12l[?25h[?25l[24;65H40[1;40H[?12l[?25h[?25l[24;66H1[1;41H[?12l[?25h[?25l[24;66H2[1;42H[?12l[?25h[?25l[24;66H3[1;43H[?12l[?25h[?25l[24;66H4[1;44H[?12l[?25h[?25l[24;66H5[1;45H[?12l[?25h[24;1H[K[1;44H[?25l[24;63H1,44[10CAll[1;44H[?12l[?25h[?25l[24;63H[K[24;1H:[?12l[?25hw[?25l[?12l[?25hq[?25l[?12l[?25h[?25l"username.txt" 1L, 45C written]2;Terminal]1;Terminal
[?1l>[?12l[?25h[?1049lvonboea@CF165-20:~/csci241/lab-1-abbyvsmith$ git commit -m "Added info to userna me.tct"[K[K[Kxr[Kt"
[master 907ad1f] Added info to username.txt
 1 file changed, 0 insertions(+), 0 deletions(-)
 create mode 100644 username.txt
vonboea@CF165-20:~/csci241/lab-1-abbyvsmith$ gi tche[K[K[K[K[Kt h[Kcheckout [K
M	username.txt
Your branch is ahead of 'origin/master' by 1 commit.
  (use "git push" to publish your local commits)
vonboea@CF165-20:~/csci241/lab-1-abbyvsmith$ git reset
Unstaged changes after reset:
M	username.txt
vonboea@CF165-20:~/csci241/lab-1-abbyvsmith$ touch add[K[K[Kdelete.txt
vonboea@CF165-20:~/csci241/lab-1-abbyvsmith$ add delete[K[K[K[K[K[K[K[K[K[Kgit add e[Kdelete.txt
vonboea@CF165-20:~/csci241/lab-1-abbyvsmith$ gir[Ky [K[Kt rm delete.txt
error: the following file has changes staged in the index:
    delete.txt
(use --cached to keep the file, or -f to force removal)
vonboea@CF165-20:~/csci241/lab-1-abbyvsmith$ git reset[K[K[K[K[K[K[K[K[Kgit reset delete.txt
Unstaged changes after reset:
M	username.txt
vonboea@CF165-20:~/csci241/lab-1-abbyvsmith$ git rm [K[K[K[K[K[K[Kgit rm delete.txt
fatal: pathspec 'delete.txt' did not match any files
vonboea@CF165-20:~/csci241/lab-1-abbyvsmith$ git mv[K[K[K touch nam[K[K[Krename.txt[1P[1P[1P[1P[C[C[C[C[C[C[C[C[C[C[C[C[C[C[C[C
vonboea@CF165-20:~/csci241/lab-1-abbyvsmith$ git mv rem[Knam[Kame[K[K[Kme.txt newname.txt
fatal: not under version control, source=rename.txt, destination=newname.txt
vonboea@CF165-20:~/csci241/lab-1-abbyvsmith$ git mv rename[K[K[K[K[K[Krename.txt
usage: git mv [<options>] <source>... <destination>

    -v, --verbose         be verbose
    -n, --dry-run         dry run
    -f, --force           force move/rename even if target exists
    -k                    skip move/rename errors

vonboea@CF165-20:~/csci241/lab-1-abbyvsmith$ git r[Kmv rename.txt..[K[K ..[K[K[K[K[K[K[K[K[K[K[K[K[K[K[K[K[K[K[K[Kgit mv rename,.[K[K.txt newan[K[Kname.txt[K[K[K[K[K[K[K[K[K[K[K[K[K[K[K[K[K[K[K[K[K[K[K[K[K[K[K[K[Kls
build.gradle  delete.txt  rename.txt  src  username.txt  writeup.txt
vonboea@CF165-20:~/csci241/lab-1-abbyvsmith$ git mv rename.txt newname.txt
fatal: not under version control, source=rename.txt, destination=newname.txt
vonboea@CF165-20:~/csci241/lab-1-abbyvsmith$ git add rename.txt
vonboea@CF165-20:~/csci241/lab-1-abbyvsmith$ git mv t[Kranmae[K[K[K[K[Kename.txt newname.txt
vonboea@CF165-20:~/csci241/lab-1-abbyvsmith$ ls
build.gradle  delete.txt  newname.txt  src  username.txt  writeup.txt
vonboea@CF165-20:~/csci241/lab-1-abbyvsmith$ git l[Kblame
usage: git blame [<options>] [<rev-opts>] [<rev>] [--] <file>

    <rev-opts> are documented in git-rev-list(1)

    --incremental         Show blame entries as we find them, incrementally
    -b                    Show blank SHA-1 for boundary commits (Default: off)
    --root                Do not treat root commits as boundaries (Default: off)
    --show-stats          Show work cost statistics
    --score-debug         Show output score for blame entries
    -f, --show-name       Show original filename (Default: auto)
    -n, --show-number     Show original linenumber (Default: off)
    -p, --porcelain       Show in a format designed for machine consumption
    --line-porcelain      Show porcelain format with per-line commit information
    -c                    Use the same output mode as git-annotate (Default: off)
    -t                    Show raw timestamp (Default: off)
    -l                    Show long commit SHA1 (Default: off)
    -s                    Suppress author name and timestamp (Default: off)
    -e, --show-email      Show author email instead of name (Default: off)
    -w                    Ignore whitespace differences
    --minimal             Spend extra cycles to find better match
    -S <file>             Use revisions from <file> instead of calling git-rev-list
    --contents <file>     Use <file>'s contents as the final image
    -C[<score>]           Find line copies within and across files
    -M[<score>]           Find line movements within and across files
    -L <n,m>              Process only line range n,m, counting from 1
    --abbrev[=<n>]        use <n> digits to display SHA-1s

vonboea@CF165-20:~/csci241/lab-1-abbyvsmith$ git log
[?1h=[33mcommit 907ad1fcdd1d6a2dc002551dd2fe3439cd0470c4[m[m
Author: Abby von Boeselager-Smith <vonboea@wwu.edu>[m
Date:   Thu Apr 11 10:49:18 2019 -0700[m
[m
    Added info to username.txt[m
[m
[33mcommit d0253a2e7e4f4c58679ab3c9ac695b40bcdb6860[m[m
Author: Abby von Boeselager-Smith <vonboea@wwu.edu>[m
Date:   Thu Apr 11 10:43:03 2019 -0700[m
[m
    Added part 2 (hobby) to writeup[m
[m
[33mcommit 5c2904c2c3d0ff25b3def8c45200634ea0797eca[m[m
Author: Abby von Boeselager-Smith <vonboea@wwu.edu>[m
Date:   Thu Apr 11 10:37:12 2019 -0700[m
[m
    Added part 1 (names) to writeup[m
[m
[33mcommit 9fdb53261d9283acf971652d9aab3c016262df09[m[m
Author: Abby von Boeselager-Smith <vonboea@wwu.edu>[m
Date:   Thu Apr 11 10:32:45 2019 -0700[m
[m
    Added empty writeup[m
:[K[K[m
[33mcommit 1523c09e41bb264a6f420fcd78d1a7d6e44a5340[m[m
Author: majeskn <majeskn@wwu.edu>[m
Date:   Mon Jan 7 20:49:19 2019 -0800[m
[m
    Adding setup for gradle[m
[7m(END)[27m[K[K[7m(END)[27m[K[K[HM[m
[HM    Added info to username.txt[m
[HM[m
[HMDate:   Thu Apr 11 10:49:18 2019 -0700[m
[HMAuthor: Abby von Boeselager-Smith <vonboea@wwu.edu>[m
[HM[33mcommit 907ad1fcdd1d6a2dc002551dd2fe3439cd0470c4[m[m
[24;1H[K:[K[K[m
:[K[K[33mcommit 1523c09e41bb264a6f420fcd78d1a7d6e44a5340[m[m
:[K[K [KESCESC[KOO[KAA[K[HMAuthor: Abby von Boeselager-Smith <vonboea@wwu.edu>[m
[24;1H[K:[K[K:[K[K:[K[K:[K[K:[K[K:[K[K:[K[K [KESCESC[KOO[KBB[K[33mcommit 1523c09e41bb264a6f420fcd78d1a7d6e44a5340[m[m
:[K[K [KESCESC[KOO[KAA[K[HMAuthor: Abby von Boeselager-Smith <vonboea@wwu.edu>[m
[24;1H[K:[K[K [KESCESC[KOO[KBB[K[33mcommit 1523c09e41bb264a6f420fcd78d1a7d6e44a5340[m[m
:[K[K [KESCESC[KOO[KBB[KAuthor: majeskn <majeskn@wwu.edu>[m
:[K[K [KESCESC[KOO[KBB[KDate:   Mon Jan 7 20:49:19 2019 -0800[m
:[K[K [KESCESC[KOO[KBB[K[m
:[K[K [KESCESC[KOO[KBB[K    Adding setup for gradle[m
[7m(END)[27m[K[K [KESCESC[KOO[KBB[K[K[7m(END)[27m[K[K [KESCESC[KOO[KBB[K[K[7m(END)[27m[K[K [KESCESC[KOO[KBB[K[K[7m(END)[27m[K[K[K[7m(END)[27m[K[K[K[7m(END)[27m[K[K[?1l>vonboea@CF165-20:~/csci241/lab-1-abbyvsmith$ 
vonboea@CF165-20:~/csci241/lab-1-abbyvsmith$ git diff
[?1h=[1mdiff --git a/username.txt b/username.txt[m[m
[1mindex e69de29..a56d535 100644[m[m
[1m--- a/username.txt[m[m
[1m+++ b/username.txt[m[m
[36m@@ -0,0 +1 @@[m[m
[32m+[m[32mAbby von Boeselager Smith,vonboea,abbyvsmith[m[m
[K[?1l>vonboea@CF165-20:~/csci241/lab-1-abbyvsmith$ git digf[K[Kff username.txt
[?1h=[1mdiff --git a/username.txt b/username.txt[m[m
[1mindex e69de29..a56d535 100644[m[m
[1m--- a/username.txt[m[m
[1m+++ b/username.txt[m[m
[36m@@ -0,0 +1 @@[m[m
[32m+[m[32mAbby von Boeselager Smith,vonboea,abbyvsmith[m[m
[K[?1l>vonboea@CF165-20:~/csci241/lab-1-abbyvsmith$ git diff writeup/[K.txt
[?1h=[K[?1l>vonboea@CF165-20:~/csci241/lab-1-abbyvsmith$ git diff d0253[K[K[K[K0253[K[K[K[K[K5c2904c d0253a2
[?1h=[1mdiff --git a/writeup.txt b/writeup.txt[m[m
[1mindex 64cab02..23860ba 100644[m[m
[1m--- a/writeup.txt[m[m
[1m+++ b/writeup.txt[m[m
[36m@@ -1 +1,3 @@[m[m
 Abby von Boeselager-Smith[m[m
[32m+[m[32mHobby: drinking coffee[m[m
[41m+[m[m
[K[?1l>vonboea@CF165-20:~/csci241/lab-1-abbyvsmith$ git checkout master[K[K[K[K[K[K[K[K[K[K[K[K[K[K[Kgit b[K[K[K[K[Kbrac[Knch c[Kquestion 2[K3[K[K3
vonboea@CF165-20:~/csci241/lab-1-abbyvsmith$ git checkout question3
A	newname.txt
M	username.txt
Switched to branch 'question3'
vonboea@CF165-20:~/csci241/lab-1-abbyvsmith$ vi wript[K[Kteup.txt
[?1049h[?1h=[2;1H▽[6n[2;1H  [1;1H]11;?[1;24r[?12;25h[?12l[?25h[27m[23m[m[H[2J[?25l[24;1H"writeup.txt" 3L, 50C[>c[1;1HAbby von Boeselager-Smith
Hobby: drinking coffee

[94m~                                                                               [5;1H~                                                                               [6;1H~                                                                               [7;1H~                                                                               [8;1H~                                                                               [9;1H~                                                                               [10;1H~                                                                               [11;1H~                                                                               [12;1H~                                                                               [13;1H~                                                                               [14;1H~                                                                               [15;1H~                                                                               [16;1H~                                                                               [17;1H~                                                                               [18;1H~                                                                               [19;1H~                                                                               [20;1H~                                                                               [21;1H~                                                                               [22;1H~                                                                               [23;1H~                                                                               [m[24;63H1,1[11CAll]2;writeup.txt (~/csci241/lab-1-abbyvsmith) - VIM]1;writeup.txt[1;1H[?12l[?25h[27m[23m[m[H[2J[?25l[1;1HAbby von Boeselager-Smith
Hobby: drinking coffee

[94m~                                                                               [5;1H~                                                                               [6;1H~                                                                               [7;1H~                                                                               [8;1H~                                                                               [9;1H~                                                                               [10;1H~                                                                               [11;1H~                                                                               [12;1H~                                                                               [13;1H~                                                                               [14;1H~                                                                               [15;1H~                                                                               [16;1H~                                                                               [17;1H~                                                                               [18;1H~                                                                               [19;1H~                                                                               [20;1H~                                                                               [21;1H~                                                                               [22;1H~                                                                               [23;1H~                                                                               [m[24;63H1,1[11CAll"writeup.txt" 3L, 50C[1;1HP+q436f\P+q6b75\P+q6b64\P+q6b72\P+q6b6c\P+q2332\P+q2334\P+q2569\P+q2a37\P+q6b31\[?12l[?25h[?25l[24;63H2[2;1H[?12l[?25h[?25l[24;63H3,0-1[3;1H[?12l[?25h[?25l[24;1H[1m-- VISUAL --[m[24;13H[K[24;63H3,0-1[9CAll[3;1H[?12l[?25h[?25l[?12l[?25h[?25l[24;1H[K[24;63H3,0-1[9CAll[3;1H[?12l[?25h[?25l[24;1H[1m-- INSERT --[m[24;63H[K[24;63H3,1[11CAll[3;1H[?12l[?25h[?25lF[24;65H2]2;writeup.txt + (~/csci241/lab-1-abbyvsmith) - VIM]1;writeup.txt[3;2H[?12l[?25h[?25la[24;65H3[3;3H[?12l[?25h[?25lv[24;65H4[3;4H[?12l[?25h[?25lo[24;65H5[3;5H[?12l[?25h[?25lr[24;65H6[3;6H[?12l[?25h[?25li[24;65H7[3;7H[?12l[?25h[?25lt[24;65H8[3;8H[?12l[?25h[?25le[24;65H9[3;9H[?12l[?25h[?25l[24;65H10[3;10H[?12l[?25h[?25ls[24;66H1[3;11H[?12l[?25h[?25lo[24;66H2[3;12H[?12l[?25h[?25ln[24;66H3[3;13H[?12l[?25h[?25lg[24;66H4[3;14H[?12l[?25h[?25l:[24;66H5[3;15H[?12l[?25h[?25l[24;66H6[3;16H[?12l[?25h[?25l[24;66H7[3;17H[?12l[?25h[?25l[24;66H6[3;16H[?12l[?25h[?25lH[24;66H7[3;17H[?12l[?25h[?25lu[24;66H8[3;18H[?12l[?25h[?25ln[24;66H9[3;19H[?12l[?25h[?25ln[24;65H20[3;20H[?12l[?25h[?25ly[24;66H1[3;21H[?12l[?25h[?25lb[24;66H2[3;22H[?12l[?25h[?25le[24;66H3[3;23H[?12l[?25h[?25le[24;66H4[3;24H[?12l[?25h[?25l[24;66H5[3;25H[?12l[?25h[?25lb[24;66H6[3;26H[?12l[?25h[?25ly[24;66H7[3;27H[?12l[?25h[?25l[24;66H8[3;28H[?12l[?25h[?25lU[24;66H9[3;29H[?12l[?25h[?25ln[24;65H30[3;30H[?12l[?25h[?25lk[24;66H1[3;31H[?12l[?25h[?25ln[24;66H2[3;32H[?12l[?25h[?25lo[24;66H3[3;33H[?12l[?25h[?25lw[24;66H4[3;34H[?12l[?25h[?25ln[24;66H5[3;35H[?12l[?25h[?25l[24;66H6[3;36H[?12l[?25h[?25lM[24;66H7[3;37H[?12l[?25h[?25lo[24;66H8[3;38H[?12l[?25h[?25lr[24;66H9[3;39H[?12l[?25h[?25la[24;65H40[3;40H[?12l[?25h[?25l[3;39H[K[24;65H39[3;39H[?12l[?25h[?25lt[24;65H40[3;40H[?12l[?25h[?25la[24;66H1[3;41H[?12l[?25h[?25ll[24;66H2[3;42H[?12l[?25h[?25l[24;66H3[3;43H[?12l[?25h[?25lO[24;66H4[3;44H[?12l[?25h[?25lr[24;66H5[3;45H[?12l[?25h[?25lc[24;66H6[3;46H[?12l[?25h[?25lh[24;66H7[3;47H[?12l[?25h[?25le[24;66H8[3;48H[?12l[?25h[?25ls[24;66H9[3;49H[?12l[?25h[?25lt[24;65H50[3;50H[?12l[?25h[?25lr[24;66H1[3;51H[?12l[?25h[?25la[24;66H2[3;52H[?12l[?25h[?25l[24;66H3[3;53H[?12l[?25h[?25l[24;66H2[3;52H[?12l[?25h[?25li[24;66H3[3;53H[?12l[?25h[?25l[3;52H[K[24;66H2[3;52H[?12l[?25h[24;1H[K[3;51H[?25l[24;63H3,51[10CAll[3;51H[?12l[?25h[?25l[24;63H[K[24;1H:[?12l[?25hw[?25l[?12l[?25hq[?25l[?12l[?25h[?25l"writeup.txt" 3L, 101C written]2;Terminal]1;Terminal
[?1l>[?12l[?25h[?1049lvonboea@CF165-20:~/csci241/lab-1-abbyvsmith$ gr[Kit add writeup [Ktxt[K[K[K.txt[K[K[K[K[K[K[K[K[K[K[K[K[K[K[K[K[K[K[Kgit add writeup.txt
vonboea@CF165-20:~/csci241/lab-1-abbyvsmith$ git commit -m"[K "a[KAdded song to [K[K[K[K[K[K[K[Kfavorite song  to question [K3"[C[1P3"[1P3"[1P3"[1P3"[1P3"[1P3"[1P3"[1P3"[1P3"[C[1P" "w"r"i"t"e"u"p"."t"x"t"[C
[question3 2cf5693] Added favorite song to writeup.txt
 2 files changed, 1 insertion(+), 1 deletion(-)
 create mode 100644 newname.txt
vonboea@CF165-20:~/csci241/lab-1-abbyvsmith$ git status
On branch question3
Changes not staged for commit:
  (use "git add <file>..." to update what will be committed)
  (use "git checkout -- <file>..." to discard changes in working directory)

	[31mmodified:   username.txt[m

Untracked files:
  (use "git add <file>..." to include in what will be committed)

	[31mdelete.txt[m

no changes added to commit (use "git add" and/or "git commit -a")
vonboea@CF165-20:~/csci241/lab-1-abbyvsmith$ gt[K[Kit [K[K[Kgit push
warning: push.default is unset; its implicit value has changed in
Git 2.0 from 'matching' to 'simple'. To squelch this message
and maintain the traditional behavior, use:

  git config --global push.default matching

To squelch this message and adopt the new behavior now, use:

  git config --global push.default simple

When push.default is set to 'matching', git will push local branches
to the remote branches that already exist with the same name.

Since Git 2.0, Git defaults to the more conservative 'simple'
behavior, which only pushes the current branch to the corresponding
remote branch that 'git pull' uses to update the current branch.

See 'git help config' and search for 'push.default' for further information.
(the 'simple' mode was introduced in Git 1.7.11. Use the similar mode
'current' instead of 'simple' if you sometimes use older versions of Git)

fatal: The current branch question3 has no upstream branch.
To push the current branch and set the remote as upstream, use

    git push --set-upstream origin question3

vonboea@CF165-20:~/csci241/lab-1-abbyvsmith$ git checkout master[K[K[K[K[K[K[K[K[K[K[K[K[K[K[K[K[K[K[Kgit checkout master
M	username.txt
Switched to branch 'master'
Your branch is ahead of 'origin/master' by 1 commit.
  (use "git push" to publish your local commits)
vonboea@CF165-20:~/csci241/lab-1-abbyvsmith$ git push
warning: push.default is unset; its implicit value has changed in
Git 2.0 from 'matching' to 'simple'. To squelch this message
and maintain the traditional behavior, use:

  git config --global push.default matching

To squelch this message and adopt the new behavior now, use:

  git config --global push.default simple

When push.default is set to 'matching', git will push local branches
to the remote branches that already exist with the same name.

Since Git 2.0, Git defaults to the more conservative 'simple'
behavior, which only pushes the current branch to the corresponding
remote branch that 'git pull' uses to update the current branch.

See 'git help config' and search for 'push.default' for further information.
(the 'simple' mode was introduced in Git 1.7.11. Use the similar mode
'current' instead of 'simple' if you sometimes use older versions of Git)

Username for 'https://github.com': abbyvm smith
Password for 'https://abbyvsmith@github.com': 
Counting objects: 3, done.
Delta compression using up to 8 threads.
Compressing objects:  50% (1/2)   Compressing objects: 100% (2/2)   Compressing objects: 100% (2/2), done.
Writing objects:  33% (1/3)   Writing objects:  66% (2/3)   Writing objects: 100% (3/3)   Writing objects: 100% (3/3), 364 bytes | 0 bytes/s, done.
Total 3 (delta 0), reused 0 (delta 0)
To https://github.com/CSCI241Spring2019/lab-1-abbyvsmith
   d0253a2..907ad1f  master -> master
vonboea@CF165-20:~/csci241/lab-1-abbyvsmith$ git merge question2[K3
Updating 907ad1f..2cf5693
Fast-forward
 newname.txt | 0
 writeup.txt | 2 [32m+[m[31m-[m
 2 files changed, 1 insertion(+), 1 deletion(-)
 create mode 100644 newname.txt
vonboea@CF165-20:~/csci241/lab-1-abbyvsmith$ git branch -d question3
Deleted branch question3 (was 2cf5693).
vonboea@CF165-20:~/csci241/lab-1-abbyvsmith$ gradle guil[K[K[K[Kbi[Kuild
[0m
Welcome to Gradle 5.0!

Here are the highlights of this release:
 - Kotlin DSL 1.0
 - Task timeouts
 - Dependency alignment aka BOM support
 - Interactive `gradle init`

For more details see https://docs.gradle.org/5.0/release-notes.html

Starting a Gradle Daemon (subsequent builds will be faster)


[2A[1B[1m> Starting Daemon[m[17D[1B[1A[1m> Starting Daemon[m[17D[1B[1A[1m> Starting Daemon[m[17D[1B[1A[1m> Starting Daemon[m[17D[1B[1A[1m> Starting Daemon[m[17D[1B[1A[1m> Starting Daemon[m[17D[1B[1A[1m> Starting Daemon[m[17D[1B[1A[1m> Starting Daemon[m[17D[1B[1A[1m> Starting Daemon[m[17D[1B[1A[1m> Starting Daemon[m[17D[1B[1A[1m> Starting Daemon[m[17D[1B[1A> IDLE[0K[6D[1B[2A[1m<[0;32;1;0;39;1m-------------> 0% INITIALIZING [0s][m[36D[2B[2A[1m<[0;32;1;0;39;1m-------------> 0% INITIALIZING [0s][m[36D[1B[1m> Evaluating settings[m[21D[1B[2A[1m<[0;32;1;0;39;1m-------------> 0% INITIALIZING [0s][m[36D[1B[1m> Evaluating settings[m[21D[1B[2A[1m<[0;32;1;0;39;1m-------------> 0% INITIALIZING [0s][m[36D[1B[1m> Evaluating settings[m[21D[1B[2A[1m<[0;32;1;0;39;1m-------------> 0% CONFIGURING [0s][m[0K[35D[1B[1m> Loading projects[m[0K[18D[1B[2A[1m<[0;32;1;0;39;1m-------------> 0% CONFIGURING [0s][m[35D[1B[1m> root project[m[0K[14D[1B[2A[1m<[0;32;1;0;39;1m-------------> 0% CONFIGURING [0s][m[35D[1B[1m> root project > Compiling /home/vonboea/csci241/lab-1-abbyvsmith/build.gradle [m[79D[1B[2A[1m<[0;32;1;0;39;1m-------------> 0% CONFIGURING [0s][m[35D[1B[1m> root project > Compiling /home/vonboea/csci241/lab-1-abbyvsmith/build.gradle [m[79D[1B[2A[1m<[0;32;1;0;39;1m-------------> 0% CONFIGURING [0s][m[35D[1B[1m> root project > Compiling /home/vonboea/csci241/lab-1-abbyvsmith/build.gradle [m[79D[1B[2A[1m<[0;32;1;0;39;1m-------------> 0% CONFIGURING [0s][m[35D[1B[1m> root project[m[0K[14D[1B[2A[1m<[0;32;1;0;39;1m-------------> 0% CONFIGURING [1s][m[35D[1B[1m> root project[m[14D[1B[2A[1m<[0;32;1;0;39;1m-------------> 0% CONFIGURING [1s][m[35D[1B[1m> root project[m[14D[1B[2A[1m<[0;32;1;0;39;1m-------------> 0% CONFIGURING [1s][m[35D[1B[1m> root project[m[14D[1B[2A[1m<[0;32;1;0;39;1m-------------> 0% CONFIGURING [1s][m[35D[1B[1m> root project[m[14D[1B[2A[1m<[0;32;1m=============[0;39;1m> 100% CONFIGURING [1s][m[37D[1B> IDLE[0K[6D[1B[2A[1m<[0;32;1m=============[0;39;1m> 100% CONFIGURING [1s][m[37D[2B[2A[1m<[0;32;1m=============[0;39;1m> 100% CONFIGURING [1s][m[37D[2B[2A[1m<[0;32;1;0;39;1m-------------> 0% EXECUTING [1s][m[0K[33D[1B[1m> :compileJava[m[14D[1B[2A[1m<[0;32;1;0;39;1m-------------> 0% EXECUTING [1s][m[33D[1B[1m> :compileJava[m[14D[1B[2A[1m<[0;32;1;0;39;1m-------------> 0% EXECUTING [1s][m[33D[1B[1m> :compileJava[m[14D[1B[2A[1m<[0;32;1;0;39;1m-------------> 0% EXECUTING [2s][m[33D[1B[1m> :compileJava[m[14D[1B[2A[1m<[0;32;1m===[0;39;1m----------> 28% EXECUTING [2s][m[34D[1B[1m> :startScripts[m[15D[1B[2A[1m<[0;32;1m===[0;39;1m----------> 28% EXECUTING [2s][m[34D[1B[1m> :startScripts[m[15D[1B[2A[0K
[32;1mBUILD SUCCESSFUL[0;39m in 4s
5 actionable tasks: 5 executed
[0K
[0K
[2A[1m<[0;32;1;0;39;1m-------------> 0% WAITING[m[26D[1B> IDLE[6D[1B[2A[1m<[0;32;1;0;39;1m-------------> 0% WAITING[m[26D[2B[2A[2K[1B[2K[1A[0mvonboea@CF165-20:~/csci241/lab-1-abbyvsmith$ gradle run
[0m

[2A[1m<[0;32;1m=========[0;39;1m----> 75% EXECUTING [0s][m[34D[1B[1m> :run[m[6D[1B[2A[0K
[1m> Task :run[m
Hello World!

[32;1mBUILD SUCCESSFUL[0;39m in 0s
2 actionable tasks: 1 executed, 1 up-to-date
[0K
[0K
[2A[1m<[0;32;1;0;39;1m-------------> 0% WAITING[m[26D[1B[1m> :run[m[6D[1B[2A[2K[1B[2K[1A[0mvonboea@CF165-20:~/csci241/lab-1-abbyvsmith$ ds src/main/[K[K[K[K[K[K[K[K[K[K[K[Kcd src/main/java/lab1/Hello.java[C[K[K[K[K[K[K[K[K[K[K[K
vonboea@CF165-20:~/csci241/lab-1-abbyvsmith/src/main/java/lab1$ vi he[K[Khell[K[K[K[KHello.java
[?1049h[?1h=[2;1H▽[6n[2;1H  [1;1H]11;?[1;24r[?12;25h[?12l[?25h[27m[23m[m[H[2J[?25l[24;1H"Hello.java" 7L, 131C[>c[1;1H[35mpackage[m lab1;

[32mpublic[m [32mclass[m Hello{
    [32mpublic[m [32mstatic[m [32mvoid[m main(String[] args){[5;9HSystem.out.println([31m"Hello World!"[m);
    }
}
[94m~                                                                               [9;1H~                                                                               [10;1H~                                                                               [11;1H~                                                                               [12;1H~                                                                               [13;1H~                                                                               [14;1H~                                                                               [15;1H~                                                                               [16;1H~                                                                               [17;1H~                                                                               [18;1H~                                                                               [19;1H~                                                                               [20;1H~                                                                               [21;1H~                                                                               [22;1H~                                                                               [23;1H~                                                                               [m[24;63H1,1[11CAll]2;Hello.java (~/csci241/lab-1-abbyvsmith/src/main/java/lab1) - VIM]1;Hello.java[1;1H[?12l[?25h[27m[23m[m[H[2J[?25l[1;1H[38;5;81mpackage[m lab1;

[38;5;121mpublic[m [38;5;121mclass[m Hello{
    [38;5;121mpublic[m [38;5;121mstatic[m [38;5;121mvoid[m main(String[] args){[5;9HSystem.out.println([95m"Hello World!"[m);
    }
}
[94m~                                                                               [9;1H~                                                                               [10;1H~                                                                               [11;1H~                                                                               [12;1H~                                                                               [13;1H~                                                                               [14;1H~                                                                               [15;1H~                                                                               [16;1H~                                                                               [17;1H~                                                                               [18;1H~                                                                               [19;1H~                                                                               [20;1H~                                                                               [21;1H~                                                                               [22;1H~                                                                               [23;1H~                                                                               [m[24;63H1,1[11CAll"Hello.java" 7L, 131C[1;1HP+q436f\P+q6b75\P+q6b64\P+q6b72\P+q6b6c\P+q2332\P+q2334\P+q2569\P+q2a37\P+q6b31\[?12l[?25h[?25l[24;1H[1m-- INSERT --[m[24;14H[K[24;63H1,1[11CAll[1;1H[?12l[?25h[?25lipackage lab1;[24;65H2]2;Hello.java + (~/csci241/lab-1-abbyvsmith/src/main/java/lab1) - VIM]1;Hello.java[1;2H[?12l[?25h[?25l[38;5;81mpackage[m lab1;[1;14H[K[24;65H1[1;1H[?12l[?25h[?25l[24;65H2[1;2H[?12l[?25h[?25l[24;63H2,1[2;1H[?12l[?25h[?25l[24;63H3,2[3;2H[?12l[?25h[?25l[24;63H4[4;2H[?12l[?25h[?25l[24;63H5[5;2H[?12l[?25h[?25l[24;63H6[6;2H[?12l[?25h[?25l[24;65H3[6;3H[?12l[?25h[?25l[24;65H4[6;4H[?12l[?25h[?25l[4;43H[46m{[6;5H}[m[24;65H5[6;5H[?12l[?25h[?25l[24;65H6[6;6H[?12l[?25h[?25l[4;43H{[6;5H}[24;63H5[5;6H[?12l[?25h[?25l[24;65H7[5;7H[?12l[?25h[?25l[24;65H8[5;8H[?12l[?25h[?25l[24;65H9[5;9H[?12l[?25h[?25l[24;65H10[5;10H[?12l[?25h[?25l[24;66H1[5;11H[?12l[?25h[?25l[24;66H2[5;12H[?12l[?25h[?25l[24;66H3[5;13H[?12l[?25h[?25l[24;66H4[5;14H[?12l[?25h[?25l[24;66H5[5;15H[?12l[?25h[?25l[24;66H6[5;16H[?12l[?25h[?25l[24;66H7[5;17H[?12l[?25h[?25l[24;66H8[5;18H[?12l[?25h[?25l[24;66H9[5;19H[?12l[?25h[?25l[24;65H20[5;20H[?12l[?25h[?25l[24;66H1[5;21H[?12l[?25h[?25l[24;66H2[5;22H[?12l[?25h[?25l[24;66H3[5;23H[?12l[?25h[?25l[24;66H4[5;24H[?12l[?25h[?25l[24;66H5[5;25H[?12l[?25h[?25l[24;66H6[5;26H[?12l[?25h[?25ln[46m([14C)[m[24;66H7[5;27H[?12l[?25h[?25l[24;66H8[5;28H[?12l[?25h[?25l([14C)[24;66H9[5;29H[?12l[?25h[?25l[24;65H30[5;30H[?12l[?25h[?25l[24;66H1[5;31H[?12l[?25h[?25l[24;66H2[5;32H[?12l[?25h[?25l[24;66H3[5;33H[?12l[?25h[?25l[24;66H4[5;34H[?12l[?25h[?25l[24;66H5[5;35H[?12l[?25h[?25l[24;66H6[5;36H[?12l[?25h[?25l[24;66H7[5;37H[?12l[?25h[?25l[24;66H8[5;38H[?12l[?25h[?25l[24;66H9[5;39H[?12l[?25h[?25l[24;65H40[5;40H[?12l[?25h[?25l[95m!"[m);[5;43H[K[24;65H39[5;39H[?12l[?25h[?25l[95m!"[m);[5;42H[K[24;66H8[5;38H[?12l[?25h[?25l[95m!"[m);[5;41H[K[24;66H7[5;37H[?12l[?25h[?25l[95m!"[m);[5;40H[K[24;66H6[5;36H[?12l[?25h[?25l[95m!"[m);[5;39H[K[24;66H5[5;35H[?12l[?25h[?25l[95m!"[m);[5;38H[K[24;66H4[5;34H[?12l[?25h[?25l[95m!"[m);[5;37H[K[24;66H3[5;33H[?12l[?25h[?25l[95m!"[m);[5;36H[K[24;66H2[5;32H[?12l[?25h[?25l[24;66H3[5;33H[?12l[?25h[?25l[95m"[m);[5;35H[K[24;66H2[5;32H[?12l[?25h[?25l[95m"[m);[5;34H[K[24;66H1[5;31H[?12l[?25h[?25l[95m"[m);[5;33H[K[24;66H0[5;30H[?12l[?25h[?25l[95m"[m);[5;32H[K[24;65H29[5;29H[?12l[?25h[?25l[95m);[m[5;31H[K[24;66H8[5;28H[?12l[?25h[?25l[1C[95m"[m);[24;66H9[5;29H[?12l[?25h[?25l[95mH"[m);[24;65H30[5;30H[?12l[?25h[?25l[95me"[m);[24;66H1[5;31H[?12l[?25h[?25l[95ml"[m);[24;66H2[5;32H[?12l[?25h[?25l[95ml"[m);[24;66H3[5;33H[?12l[?25h[?25l[95mo"[m);[24;66H4[5;34H[?12l[?25h[?25l[95m "[m);[24;66H5[5;35H[?12l[?25h[?25l[5;27H[46m([8C)[m[24;66H6[5;36H[?12l[?25h[?25l[5;27H([8C)[24;66H5[5;35H[?12l[?25h[?25l[24;66H4[5;34H[?12l[?25h[?25l[95m "[m);[5;37H[K[24;66H3[5;33H[?12l[?25h[?25l[24;66H4[5;34H[?12l[?25h[?25l[24;66H3[5;33H[?12l[?25h[?25l[24;66H4[5;34H[?12l[?25h[?25l[95m"[m);[5;36H[K[24;66H3[5;33H[?12l[?25h[?25l[95mo"[m);[24;66H4[5;34H[?12l[?25h[?25l[95m "[m);[24;66H5[5;35H[?12l[?25h[?25l[5;27H[46m([8C)[m[24;66H6[5;36H[?12l[?25h[?25l[46m [m); [46m)[m[24;66H7[5;37H[?12l[?25h[?25l[5;27H([9C)[24;66H6[5;36H[?12l[?25h[?25l+ );[24;66H7[5;37H[?12l[?25h[?25l  );[24;66H8[5;38H[?12l[?25h[?25la );[24;66H9[5;39H[?12l[?25h[?25lr );[24;65H40[5;40H[?12l[?25h[?25lg );[24;66H1[5;41H[?12l[?25h[?25ls );[24;66H2[5;42H[?12l[?25h[?25l[ );[24;66H3[5;43H[?12l[?25h[?25l[95m0[m );[24;66H4[5;44H[?12l[?25h[?25l] );[46m[[1C][m[24;66H5[5;45H[?12l[?25h[?25l[5;27H[46m([m[14C[[1C] [46m)[m[24;66H6[5;46H[?12l[?25h[?25l)[46m;[m[5;47H[K[5;45H[46m)[m;[24;66H5[5;45H[?12l[?25h[?25l[24;66H6[5;46H[?12l[?25h[?25l[5;27H([17C)[24;66H7[5;47H[?12l[?25h[24;1H[K[5;46H[?25l[24;63H5,46[10CAll[5;46H[?12l[?25h[?25l[24;63H[K[24;1H:[?12l[?25hw[?25l[?12l[?25hq[?25l[?12l[?25h[?25l"Hello.java" 7L, 134C written]2;Terminal]1;Terminal
[?1l>[?12l[?25h[?1049lvonboea@CF165-20:~/csci241/lab-1-abbyvsmith/src/main/java/lab1$ cd lab-1-[K[K[K[K[K[K~/abby[K[K[K[Klab[K[K[Kcsci241/lab -1-abbyvsmith
vonboea@CF165-20:~/csci241/lab-1-abbyvsmith$ gradle run --args"[K="241"
[0m

[2A[1m<[0;32;1;0;39;1m-------------> 0% EXECUTING [0s][m[33D[1B[1m> :compileJava[m[14D[1B[2A[0K
[1m> Task :run[m[0K
Hello 241

[32;1mBUILD SUCCESSFUL[0;39m in 0s
2 actionable tasks: 2 executed
[0K
[0K
[2A[1m<[0;32;1;0;39;1m-------------> 0% WAITING[m[26D[1B> IDLE[6D[1B[2A[1m<[0;32;1;0;39;1m-------------> 0% WAITING[m[26D[2B[2A[2K[1B[2K[1A[0mvonboea@CF165-20:~/csci241/lab-1-abbyvsmith$ git add src/main/java/lab1/hell[K[K[K[KHello.ja va
vonboea@CF165-20:~/csci241/lab-1-abbyvsmith$ git commit -m "Hello now prints com mman[K[K[Kand line arg"
[master e49b1b8] Hello now prints command line arg
 1 file changed, 1 insertion(+), 1 deletion(-)
vonboea@CF165-20:~/csci241/lab-1-abbyvsmith$ git push
warning: push.default is unset; its implicit value has changed in
Git 2.0 from 'matching' to 'simple'. To squelch this message
and maintain the traditional behavior, use:

  git config --global push.default matching

To squelch this message and adopt the new behavior now, use:

  git config --global push.default simple

When push.default is set to 'matching', git will push local branches
to the remote branches that already exist with the same name.

Since Git 2.0, Git defaults to the more conservative 'simple'
behavior, which only pushes the current branch to the corresponding
remote branch that 'git pull' uses to update the current branch.

See 'git help config' and search for 'push.default' for further information.
(the 'simple' mode was introduced in Git 1.7.11. Use the similar mode
'current' instead of 'simple' if you sometimes use older versions of Git)

Username for 'https://github.com': abbyvsmith
Password for 'https://abbyvsmith@github.com': 
Counting objects: 10, done.
Delta compression using up to 8 threads.
Compressing objects:  16% (1/6)   Compressing objects:  33% (2/6)   Compressing objects:  50% (3/6)   Compressing objects:  66% (4/6)   Compressing objects:  83% (5/6)   Compressing objects: 100% (6/6)   Compressing objects: 100% (6/6), done.
Writing objects:  10% (1/10)   Writing objects:  20% (2/10)   Writing objects:  30% (3/10)   Writing objects:  40% (4/10)   Writing objects:  50% (5/10)   Writing objects:  60% (6/10)   Writing objects:  70% (7/10)   Writing objects:  80% (8/10)   Writing objects:  90% (9/10)   Writing objects: 100% (10/10)   Writing objects: 100% (10/10), 924 bytes | 0 bytes/s, done.
Total 10 (delta 2), reused 0 (delta 0)
remote: Resolving deltas:   0% (0/2)   [Kremote: Resolving deltas:  50% (1/2)   [Kremote: Resolving deltas: 100% (2/2)   [Kremote: Resolving deltas: 100% (2/2), completed with 1 local object.[K
To https://github.com/CSCI241Spring2019/lab-1-abbyvsmith
   907ad1f..e49b1b8  master -> master
vonboea@CF165-20:~/csci241/lab-1-abbyvsmith$ exit
exit

Script done on Thu 11 Apr 2019 11:32:05 AM PDT
